1:
-
SELECT
 (
   SELECT
    (
      1
    )
 );

6:
------
SELECT
 (
   SELECT
    (1
    )
 );

7:
-------
SELECT
 (
   SELECT
    (1)
 );

8:
--------
SELECT
 (SELECT
    (1)
 );

12:
------------
SELECT
 (SELECT (1)
 );

13:
-------------
SELECT
 (SELECT (1));

19:
-------------------
SELECT (SELECT (1));